// Jest Snapshot v1, https://goo.gl/fbAQLP

exports[`Movie card tab overview component renders 1`] = `
Array [
  <div
    className="movie-rating"
  >
    <div
      className="movie-rating__score"
    >
      7.2
    </div>
    <p
      className="movie-rating__meta"
    >
      <span
        className="movie-rating__level"
      >
        Good
      </span>
      <span
        className="movie-rating__count"
      >
        941
         ratings
      </span>
    </p>
  </div>,
  <div
    className="movie-card__text"
  >
    <p>
      An insurance salesman discovers his whole life is actually a reality TV show.
    </p>
    <p
      className="movie-card__director"
    >
      <strong>
        Director: 
        Louise Virgoe
         
      </strong>
    </p>
    <p
      className="movie-card__starring"
    >
      <strong>
        Starring: 
        Pamela Anthiftle, Arlene Cordelle, Arleen Portriss, Christy Hullin
         
      </strong>
    </p>
  </div>,
]
`;
